Archive member included to satisfy reference by file (symbol)

c:/st/stm32cubeide_1.7.0/stm32cubeide/plugins/com.st.stm32cube.ide.mcu.externaltools.gnu-tools-for-stm32.9-2020-q2-update.win32_2.0.0.202105311346/tools/bin/../lib/gcc/arm-none-eabi/9.3.1/../../../../arm-none-eabi/lib/thumb/v7-m/nofp\libc_nano.a(lib_a-errno.o)
                              ./Core/Src/syscalls.o (__errno)
c:/st/stm32cubeide_1.7.0/stm32cubeide/plugins/com.st.stm32cube.ide.mcu.externaltools.gnu-tools-for-stm32.9-2020-q2-update.win32_2.0.0.202105311346/tools/bin/../lib/gcc/arm-none-eabi/9.3.1/../../../../arm-none-eabi/lib/thumb/v7-m/nofp\libc_nano.a(lib_a-exit.o)
                              c:/st/stm32cubeide_1.7.0/stm32cubeide/plugins/com.st.stm32cube.ide.mcu.externaltools.gnu-tools-for-stm32.9-2020-q2-update.win32_2.0.0.202105311346/tools/bin/../lib/gcc/arm-none-eabi/9.3.1/../../../../arm-none-eabi/lib/thumb/v7-m/nofp/crt0.o (exit)
c:/st/stm32cubeide_1.7.0/stm32cubeide/plugins/com.st.stm32cube.ide.mcu.externaltools.gnu-tools-for-stm32.9-2020-q2-update.win32_2.0.0.202105311346/tools/bin/../lib/gcc/arm-none-eabi/9.3.1/../../../../arm-none-eabi/lib/thumb/v7-m/nofp\libc_nano.a(lib_a-impure.o)
                              c:/st/stm32cubeide_1.7.0/stm32cubeide/plugins/com.st.stm32cube.ide.mcu.externaltools.gnu-tools-for-stm32.9-2020-q2-update.win32_2.0.0.202105311346/tools/bin/../lib/gcc/arm-none-eabi/9.3.1/../../../../arm-none-eabi/lib/thumb/v7-m/nofp\libc_nano.a(lib_a-exit.o) (_global_impure_ptr)
c:/st/stm32cubeide_1.7.0/stm32cubeide/plugins/com.st.stm32cube.ide.mcu.externaltools.gnu-tools-for-stm32.9-2020-q2-update.win32_2.0.0.202105311346/tools/bin/../lib/gcc/arm-none-eabi/9.3.1/../../../../arm-none-eabi/lib/thumb/v7-m/nofp\libc_nano.a(lib_a-init.o)
                              c:/st/stm32cubeide_1.7.0/stm32cubeide/plugins/com.st.stm32cube.ide.mcu.externaltools.gnu-tools-for-stm32.9-2020-q2-update.win32_2.0.0.202105311346/tools/bin/../lib/gcc/arm-none-eabi/9.3.1/../../../../arm-none-eabi/lib/thumb/v7-m/nofp/crt0.o (__libc_init_array)
c:/st/stm32cubeide_1.7.0/stm32cubeide/plugins/com.st.stm32cube.ide.mcu.externaltools.gnu-tools-for-stm32.9-2020-q2-update.win32_2.0.0.202105311346/tools/bin/../lib/gcc/arm-none-eabi/9.3.1/../../../../arm-none-eabi/lib/thumb/v7-m/nofp\libc_nano.a(lib_a-memset.o)
                              c:/st/stm32cubeide_1.7.0/stm32cubeide/plugins/com.st.stm32cube.ide.mcu.externaltools.gnu-tools-for-stm32.9-2020-q2-update.win32_2.0.0.202105311346/tools/bin/../lib/gcc/arm-none-eabi/9.3.1/../../../../arm-none-eabi/lib/thumb/v7-m/nofp/crt0.o (memset)

Allocating common symbols
Common symbol       size              file

uwTick              0x4               ./Drivers/STM32F1xx_HAL_Driver/Src/stm32f1xx_hal.o
pFlash              0x20              ./Drivers/STM32F1xx_HAL_Driver/Src/stm32f1xx_hal_flash.o
htim3               0x48              ./Core/Src/main.o
htim2               0x48              ./Core/Src/main.o

Discarded input sections

 .text          0x0000000000000000        0x0 c:/st/stm32cubeide_1.7.0/stm32cubeide/plugins/com.st.stm32cube.ide.mcu.externaltools.gnu-tools-for-stm32.9-2020-q2-update.win32_2.0.0.202105311346/tools/bin/../lib/gcc/arm-none-eabi/9.3.1/thumb/v7-m/nofp/crti.o
 .data          0x0000000000000000        0x0 c:/st/stm32cubeide_1.7.0/stm32cubeide/plugins/com.st.stm32cube.ide.mcu.externaltools.gnu-tools-for-stm32.9-2020-q2-update.win32_2.0.0.202105311346/tools/bin/../lib/gcc/arm-none-eabi/9.3.1/thumb/v7-m/nofp/crti.o
 .bss           0x0000000000000000        0x0 c:/st/stm32cubeide_1.7.0/stm32cubeide/plugins/com.st.stm32cube.ide.mcu.externaltools.gnu-tools-for-stm32.9-2020-q2-update.win32_2.0.0.202105311346/tools/bin/../lib/gcc/arm-none-eabi/9.3.1/thumb/v7-m/nofp/crti.o
 .data          0x0000000000000000        0x4 c:/st/stm32cubeide_1.7.0/stm32cubeide/plugins/com.st.stm32cube.ide.mcu.externaltools.gnu-tools-for-stm32.9-2020-q2-update.win32_2.0.0.202105311346/tools/bin/../lib/gcc/arm-none-eabi/9.3.1/thumb/v7-m/nofp/crtbegin.o
 .text          0x0000000000000000       0x7c c:/st/stm32cubeide_1.7.0/stm32cubeide/plugins/com.st.stm32cube.ide.mcu.externaltools.gnu-tools-for-stm32.9-2020-q2-update.win32_2.0.0.202105311346/tools/bin/../lib/gcc/arm-none-eabi/9.3.1/../../../../arm-none-eabi/lib/thumb/v7-m/nofp/crt0.o
 .data          0x0000000000000000        0x0 c:/st/stm32cubeide_1.7.0/stm32cubeide/plugins/com.st.stm32cube.ide.mcu.externaltools.gnu-tools-for-stm32.9-2020-q2-update.win32_2.0.0.202105311346/tools/bin/../lib/gcc/arm-none-eabi/9.3.1/../../../../arm-none-eabi/lib/thumb/v7-m/nofp/crt0.o
 .bss           0x0000000000000000        0x0 c:/st/stm32cubeide_1.7.0/stm32cubeide/plugins/com.st.stm32cube.ide.mcu.externaltools.gnu-tools-for-stm32.9-2020-q2-update.win32_2.0.0.202105311346/tools/bin/../lib/gcc/arm-none-eabi/9.3.1/../../../../arm-none-eabi/lib/thumb/v7-m/nofp/crt0.o
[...]
Memory Configuration

Name             Origin             Length             Attributes
RAM              0x0000000020000000 0x0000000000005000 xrw
FLASH            0x0000000008000000 0x0000000000020000 xr
*default*        0x0000000000000000 0xffffffffffffffff

Linker script and memory map

LOAD c:/st/stm32cubeide_1.7.0/stm32cubeide/plugins/com.st.stm32cube.ide.mcu.externaltools.gnu-tools-for-stm32.9-2020-q2-update.win32_2.0.0.202105311346/tools/bin/../lib/gcc/arm-none-eabi/9.3.1/thumb/v7-m/nofp/crti.o
LOAD c:/st/stm32cubeide_1.7.0/stm32cubeide/plugins/com.st.stm32cube.ide.mcu.externaltools.gnu-tools-for-stm32.9-2020-q2-update.win32_2.0.0.202105311346/tools/bin/../lib/gcc/arm-none-eabi/9.3.1/thumb/v7-m/nofp/crtbegin.o
LOAD c:/st/stm32cubeide_1.7.0/stm32cubeide/plugins/com.st.stm32cube.ide.mcu.externaltools.gnu-tools-for-stm32.9-2020-q2-update.win32_2.0.0.202105311346/tools/bin/../lib/gcc/arm-none-eabi/9.3.1/../../../../arm-none-eabi/lib/thumb/v7-m/nofp/crt0.o
LOAD ./Core/Src/auto_fsm.o
LOAD ./Core/Src/button.o
LOAD ./Core/Src/global.o
LOAD ./Core/Src/main.o
LOAD ./Core/Src/man_fsm.o
LOAD ./Core/Src/pdtlight.o
LOAD ./Core/Src/ped_fsm.o
LOAD ./Core/Src/software_timer.o
LOAD ./Core/Src/stm32f1xx_hal_msp.o
LOAD ./Core/Src/stm32f1xx_it.o
LOAD ./Core/Src/syscalls.o
LOAD ./Core/Src/sysmem.o
LOAD ./Core/Src/system_stm32f1xx.o
LOAD ./Core/Src/traffic1.o
LOAD ./Core/Src/traffic2.o
LOAD ./Core/Src/tun_fsm.o
LOAD ./Core/Startup/startup_stm32f103rbtx.o
LOAD ./Drivers/STM32F1xx_HAL_Driver/Src/stm32f1xx_hal.o
LOAD ./Drivers/STM32F1xx_HAL_Driver/Src/stm32f1xx_hal_cortex.o
LOAD ./Drivers/STM32F1xx_HAL_Driver/Src/stm32f1xx_hal_dma.o
LOAD ./Drivers/STM32F1xx_HAL_Driver/Src/stm32f1xx_hal_exti.o
LOAD ./Drivers/STM32F1xx_HAL_Driver/Src/stm32f1xx_hal_flash.o
LOAD ./Drivers/STM32F1xx_HAL_Driver/Src/stm32f1xx_hal_flash_ex.o
LOAD ./Drivers/STM32F1xx_HAL_Driver/Src/stm32f1xx_hal_gpio.o
LOAD ./Drivers/STM32F1xx_HAL_Driver/Src/stm32f1xx_hal_gpio_ex.o
LOAD ./Drivers/STM32F1xx_HAL_Driver/Src/stm32f1xx_hal_pwr.o
LOAD ./Drivers/STM32F1xx_HAL_Driver/Src/stm32f1xx_hal_rcc.o
LOAD ./Drivers/STM32F1xx_HAL_Driver/Src/stm32f1xx_hal_rcc_ex.o
LOAD ./Drivers/STM32F1xx_HAL_Driver/Src/stm32f1xx_hal_tim.o
LOAD ./Drivers/STM32F1xx_HAL_Driver/Src/stm32f1xx_hal_tim_ex.o
START GROUP
LOAD c:/st/stm32cubeide_1.7.0/stm32cubeide/plugins/com.st.stm32cube.ide.mcu.externaltools.gnu-tools-for-stm32.9-2020-q2-update.win32_2.0.0.202105311346/tools/bin/../lib/gcc/arm-none-eabi/9.3.1/../../../../arm-none-eabi/lib/thumb/v7-m/nofp\libc_nano.a
LOAD c:/st/stm32cubeide_1.7.0/stm32cubeide/plugins/com.st.stm32cube.ide.mcu.externaltools.gnu-tools-for-stm32.9-2020-q2-update.win32_2.0.0.202105311346/tools/bin/../lib/gcc/arm-none-eabi/9.3.1/../../../../arm-none-eabi/lib/thumb/v7-m/nofp\libm.a
END GROUP
START GROUP
LOAD c:/st/stm32cubeide_1.7.0/stm32cubeide/plugins/com.st.stm32cube.ide.mcu.externaltools.gnu-tools-for-stm32.9-2020-q2-update.win32_2.0.0.202105311346/tools/bin/../lib/gcc/arm-none-eabi/9.3.1/thumb/v7-m/nofp\libgcc.a
LOAD c:/st/stm32cubeide_1.7.0/stm32cubeide/plugins/com.st.stm32cube.ide.mcu.externaltools.gnu-tools-for-stm32.9-2020-q2-update.win32_2.0.0.202105311346/tools/bin/../lib/gcc/arm-none-eabi/9.3.1/../../../../arm-none-eabi/lib/thumb/v7-m/nofp\libc_nano.a
END GROUP
START GROUP
LOAD c:/st/stm32cubeide_1.7.0/stm32cubeide/plugins/com.st.stm32cube.ide.mcu.externaltools.gnu-tools-for-stm32.9-2020-q2-update.win32_2.0.0.202105311346/tools/bin/../lib/gcc/arm-none-eabi/9.3.1/thumb/v7-m/nofp\libgcc.a
LOAD c:/st/stm32cubeide_1.7.0/stm32cubeide/plugins/com.st.stm32cube.ide.mcu.externaltools.gnu-tools-for-stm32.9-2020-q2-update.win32_2.0.0.202105311346/tools/bin/../lib/gcc/arm-none-eabi/9.3.1/../../../../arm-none-eabi/lib/thumb/v7-m/nofp\libc_nano.a
LOAD c:/st/stm32cubeide_1.7.0/stm32cubeide/plugins/com.st.stm32cube.ide.mcu.externaltools.gnu-tools-for-stm32.9-2020-q2-update.win32_2.0.0.202105311346/tools/bin/../lib/gcc/arm-none-eabi/9.3.1/../../../../arm-none-eabi/lib/thumb/v7-m/nofp\libnosys.a
END GROUP
START GROUP
LOAD c:/st/stm32cubeide_1.7.0/stm32cubeide/plugins/com.st.stm32cube.ide.mcu.externaltools.gnu-tools-for-stm32.9-2020-q2-update.win32_2.0.0.202105311346/tools/bin/../lib/gcc/arm-none-eabi/9.3.1/thumb/v7-m/nofp\libgcc.a
LOAD c:/st/stm32cubeide_1.7.0/stm32cubeide/plugins/com.st.stm32cube.ide.mcu.externaltools.gnu-tools-for-stm32.9-2020-q2-update.win32_2.0.0.202105311346/tools/bin/../lib/gcc/arm-none-eabi/9.3.1/../../../../arm-none-eabi/lib/thumb/v7-m/nofp\libc_nano.a
LOAD c:/st/stm32cubeide_1.7.0/stm32cubeide/plugins/com.st.stm32cube.ide.mcu.externaltools.gnu-tools-for-stm32.9-2020-q2-update.win32_2.0.0.202105311346/tools/bin/../lib/gcc/arm-none-eabi/9.3.1/../../../../arm-none-eabi/lib/thumb/v7-m/nofp\libnosys.a
END GROUP
LOAD c:/st/stm32cubeide_1.7.0/stm32cubeide/plugins/com.st.stm32cube.ide.mcu.externaltools.gnu-tools-for-stm32.9-2020-q2-update.win32_2.0.0.202105311346/tools/bin/../lib/gcc/arm-none-eabi/9.3.1/thumb/v7-m/nofp/crtend.o
LOAD c:/st/stm32cubeide_1.7.0/stm32cubeide/plugins/com.st.stm32cube.ide.mcu.externaltools.gnu-tools-for-stm32.9-2020-q2-update.win32_2.0.0.202105311346/tools/bin/../lib/gcc/arm-none-eabi/9.3.1/thumb/v7-m/nofp/crtn.o
                0x0000000020005000                _estack = (ORIGIN (RAM) + LENGTH (RAM))
                0x0000000000000200                _Min_Heap_Size = 0x200
                0x0000000000000400                _Min_Stack_Size = 0x400

.isr_vector     0x0000000008000000      0x10c
                0x0000000008000000                . = ALIGN (0x4)
 *(.isr_vector)
 .isr_vector    0x0000000008000000      0x10c ./Core/Startup/startup_stm32f103rbtx.o
                0x0000000008000000                g_pfnVectors
                0x000000000800010c                . = ALIGN (0x4)

.text           0x000000000800010c     0x2ed8
                0x000000000800010c                . = ALIGN (0x4)
 *(.text)
 .text          0x000000000800010c       0x40 c:/st/stm32cubeide_1.7.0/stm32cubeide/plugins/com.st.stm32cube.ide.mcu.externaltools.gnu-tools-for-stm32.9-2020-q2-update.win32_2.0.0.202105311346/tools/bin/../lib/gcc/arm-none-eabi/9.3.1/thumb/v7-m/nofp/crtbegin.o
 *(.text*)
 .text.auto_fsm_run
                0x000000000800014c      0x194 ./Core/Src/auto_fsm.o
                0x000000000800014c                auto_fsm_run
 .text.SubKeyProcess1
                0x00000000080002e0       0x18 ./Core/Src/button.o
                0x00000000080002e0                SubKeyProcess1
 .text.SubKeyProcess2
                0x00000000080002f8       0x18 ./Core/Src/button.o
                0x00000000080002f8                SubKeyProcess2
 .text.SubKeyProcess3
                0x0000000008000310       0x18 ./Core/Src/button.o
                0x0000000008000310                SubKeyProcess3
 .text.SubKeyProcess4
                0x0000000008000328       0x18 ./Core/Src/button.o
                0x0000000008000328                SubKeyProcess4
 .text.Button1_Is_Pressed
                0x0000000008000340       0x24 ./Core/Src/button.o
                0x0000000008000340                Button1_Is_Pressed
 .text.Button2_Is_Pressed
                0x0000000008000364       0x24 ./Core/Src/button.o
                0x0000000008000364                Button2_Is_Pressed
 .text.Button3_Is_Pressed
                0x0000000008000388       0x24 ./Core/Src/button.o
                0x0000000008000388                Button3_Is_Pressed
 .text.Button4_Is_Pressed
                0x00000000080003ac       0x24 ./Core/Src/button.o
                0x00000000080003ac                Button4_Is_Pressed
 .text.GetKeyInput1
                0x00000000080003d0       0x98 ./Core/Src/button.o
                0x00000000080003d0                GetKeyInput1
 .text.GetKeyInput2
                0x0000000008000468       0x98 ./Core/Src/button.o
                0x0000000008000468                GetKeyInput2
 .text.GetKeyInput3
                0x0000000008000500       0x98 ./Core/Src/button.o
                0x0000000008000500                GetKeyInput3
 .text.GetKeyInput4
                0x0000000008000598       0x98 ./Core/Src/button.o
                0x0000000008000598                GetKeyInput4
 .text.main     0x0000000008000630       0x4c ./Core/Src/main.o
                0x0000000008000630                main
 .text.SystemClock_Config
                0x000000000800067c       0x82 ./Core/Src/main.o
                0x000000000800067c                SystemClock_Config
 *fill*         0x00000000080006fe        0x2 
 .text.MX_TIM2_Init
                0x0000000008000700       0x98 ./Core/Src/main.o
 .text.MX_TIM3_Init
                0x0000000008000798       0xec ./Core/Src/main.o
 .text.MX_GPIO_Init
                0x0000000008000884       0xf4 ./Core/Src/main.o
 .text.HAL_TIM_PeriodElapsedCallback
                0x0000000008000978       0x24 ./Core/Src/main.o
                0x0000000008000978                HAL_TIM_PeriodElapsedCallback
 .text.Error_Handler
                0x000000000800099c        0xa ./Core/Src/main.o
                0x000000000800099c                Error_Handler
 *fill*         0x00000000080009a6        0x2 
 .text.man_fsm_run
                0x00000000080009a8      0x194 ./Core/Src/man_fsm.o
                0x00000000080009a8                man_fsm_run
 .text.RED_3    0x0000000008000b3c       0x28 ./Core/Src/pdtlight.o
                0x0000000008000b3c                RED_3
 .text.GREEN_3  0x0000000008000b64       0x28 ./Core/Src/pdtlight.o
                0x0000000008000b64                GREEN_3
 .text.Traffic3_Off
                0x0000000008000b8c       0x28 ./Core/Src/pdtlight.o
                0x0000000008000b8c                Traffic3_Off
 .text.ped_fsm_run
                0x0000000008000bb4       0x58 ./Core/Src/ped_fsm.o
                0x0000000008000bb4                ped_fsm_run
 .text.SetTimer1
                0x0000000008000c0c       0x38 ./Core/Src/software_timer.o
                0x0000000008000c0c                SetTimer1
 .text.SetTimer2
                0x0000000008000c44       0x38 ./Core/Src/software_timer.o
                0x0000000008000c44                SetTimer2
 .text.TimerRun
                0x0000000008000c7c       0xc8 ./Core/Src/software_timer.o
                0x0000000008000c7c                TimerRun
 .text.IncYellow2s
                0x0000000008000d44       0x40 ./Core/Src/software_timer.o
                0x0000000008000d44                IncYellow2s
 .text.HAL_MspInit
                0x0000000008000d84       0x64 ./Core/Src/stm32f1xx_hal_msp.o
                0x0000000008000d84                HAL_MspInit
 .text.HAL_TIM_Base_MspInit
                0x0000000008000de8       0x80 ./Core/Src/stm32f1xx_hal_msp.o
                0x0000000008000de8                HAL_TIM_Base_MspInit
 .text.HAL_TIM_MspPostInit
                0x0000000008000e68       0x8c ./Core/Src/stm32f1xx_hal_msp.o
                0x0000000008000e68                HAL_TIM_MspPostInit
 .text.NMI_Handler
                0x0000000008000ef4        0x6 ./Core/Src/stm32f1xx_it.o
                0x0000000008000ef4                NMI_Handler
 .text.HardFault_Handler
                0x0000000008000efa        0x6 ./Core/Src/stm32f1xx_it.o
                0x0000000008000efa                HardFault_Handler
 .text.MemManage_Handler
                0x0000000008000f00        0x6 ./Core/Src/stm32f1xx_it.o
                0x0000000008000f00                MemManage_Handler
 .text.BusFault_Handler
                0x0000000008000f06        0x6 ./Core/Src/stm32f1xx_it.o
                0x0000000008000f06                BusFault_Handler
 .text.UsageFault_Handler
                0x0000000008000f0c        0x6 ./Core/Src/stm32f1xx_it.o
                0x0000000008000f0c                UsageFault_Handler
 .text.SVC_Handler
                0x0000000008000f12        0xc ./Core/Src/stm32f1xx_it.o
                0x0000000008000f12                SVC_Handler
 .text.DebugMon_Handler
                0x0000000008000f1e        0xc ./Core/Src/stm32f1xx_it.o
                0x0000000008000f1e                DebugMon_Handler
 .text.PendSV_Handler
                0x0000000008000f2a        0xc ./Core/Src/stm32f1xx_it.o
                0x0000000008000f2a                PendSV_Handler
 .text.SysTick_Handler
                0x0000000008000f36        0xc ./Core/Src/stm32f1xx_it.o
                0x0000000008000f36                SysTick_Handler
 *fill*         0x0000000008000f42        0x2 
 .text.TIM2_IRQHandler
                0x0000000008000f44       0x14 ./Core/Src/stm32f1xx_it.o
                0x0000000008000f44                TIM2_IRQHandler
 .text.TIM3_IRQHandler
                0x0000000008000f58       0x14 ./Core/Src/stm32f1xx_it.o
                0x0000000008000f58                TIM3_IRQHandler
 .text.SystemInit
                0x0000000008000f6c        0xc ./Core/Src/system_stm32f1xx.o
                0x0000000008000f6c                SystemInit
 .text.RED_1    0x0000000008000f78       0x28 ./Core/Src/traffic1.o
                0x0000000008000f78                RED_1
 .text.YELLOW_1
                0x0000000008000fa0       0x28 ./Core/Src/traffic1.o
                0x0000000008000fa0                YELLOW_1
 .text.GREEN_1  0x0000000008000fc8       0x28 ./Core/Src/traffic1.o
                0x0000000008000fc8                GREEN_1
 .text.Traffic1_Off
                0x0000000008000ff0       0x28 ./Core/Src/traffic1.o
                0x0000000008000ff0                Traffic1_Off
 .text.RED_2    0x0000000008001018       0x20 ./Core/Src/traffic2.o
                0x0000000008001018                RED_2
 .text.YELLOW_2
                0x0000000008001038       0x20 ./Core/Src/traffic2.o
                0x0000000008001038                YELLOW_2
 .text.GREEN_2  0x0000000008001058       0x20 ./Core/Src/traffic2.o
                0x0000000008001058                GREEN_2
 .text.Traffic2_Off
                0x0000000008001078       0x20 ./Core/Src/traffic2.o
                0x0000000008001078                Traffic2_Off
 .text.tun_fsm_run
                0x0000000008001098      0x1bc ./Core/Src/tun_fsm.o
                0x0000000008001098                tun_fsm_run
 .text.Reset_Handler
                0x0000000008001254       0x48 ./Core/Startup/startup_stm32f103rbtx.o
                0x0000000008001254                Reset_Handler
 .text.Default_Handler
                0x000000000800129c        0x2 ./Core/Startup/startup_stm32f103rbtx.o
                0x000000000800129c                RTC_Alarm_IRQHandler
                0x000000000800129c                EXTI2_IRQHandler
                0x000000000800129c                TIM1_CC_IRQHandler
                0x000000000800129c                PVD_IRQHandler
                0x000000000800129c                EXTI3_IRQHandler
                0x000000000800129c                EXTI0_IRQHandler
                0x000000000800129c                I2C2_EV_IRQHandler
                0x000000000800129c                ADC1_2_IRQHandler
                0x000000000800129c                SPI1_IRQHandler
                0x000000000800129c                TAMPER_IRQHandler
                0x000000000800129c                DMA1_Channel4_IRQHandler
                0x000000000800129c                USART3_IRQHandler
                0x000000000800129c                RTC_IRQHandler
                0x000000000800129c                DMA1_Channel7_IRQHandler
                0x000000000800129c                CAN1_RX1_IRQHandler
                0x000000000800129c                TIM4_IRQHandler
                0x000000000800129c                I2C1_EV_IRQHandler
                0x000000000800129c                DMA1_Channel6_IRQHandler
                0x000000000800129c                RCC_IRQHandler
                0x000000000800129c                TIM1_TRG_COM_IRQHandler
                0x000000000800129c                DMA1_Channel1_IRQHandler
                0x000000000800129c                Default_Handler
                0x000000000800129c                EXTI15_10_IRQHandler
                0x000000000800129c                EXTI9_5_IRQHandler
                0x000000000800129c                SPI2_IRQHandler
                0x000000000800129c                DMA1_Channel5_IRQHandler
                0x000000000800129c                EXTI4_IRQHandler
                0x000000000800129c                USB_LP_CAN1_RX0_IRQHandler
                0x000000000800129c                USB_HP_CAN1_TX_IRQHandler
                0x000000000800129c                DMA1_Channel3_IRQHandler
                0x000000000800129c                TIM1_UP_IRQHandler
                0x000000000800129c                WWDG_IRQHandler
                0x000000000800129c                TIM1_BRK_IRQHandler
                0x000000000800129c                EXTI1_IRQHandler
                0x000000000800129c                USART2_IRQHandler
                0x000000000800129c                I2C2_ER_IRQHandler
                0x000000000800129c                DMA1_Channel2_IRQHandler
                0x000000000800129c                CAN1_SCE_IRQHandler
                0x000000000800129c                FLASH_IRQHandler
                0x000000000800129c                USART1_IRQHandler
                0x000000000800129c                I2C1_ER_IRQHandler
                0x000000000800129c                USBWakeUp_IRQHandler
 *fill*         0x000000000800129e        0x2 
 .text.HAL_Init
                0x00000000080012a0       0x2c ./Drivers/STM32F1xx_HAL_Driver/Src/stm32f1xx_hal.o
                0x00000000080012a0                HAL_Init
 .text.HAL_InitTick
                0x00000000080012cc       0x60 ./Drivers/STM32F1xx_HAL_Driver/Src/stm32f1xx_hal.o
                0x00000000080012cc                HAL_InitTick
 .text.HAL_IncTick
                0x000000000800132c       0x24 ./Drivers/STM32F1xx_HAL_Driver/Src/stm32f1xx_hal.o
                0x000000000800132c                HAL_IncTick
 .text.HAL_GetTick
                0x0000000008001350       0x14 ./Drivers/STM32F1xx_HAL_Driver/Src/stm32f1xx_hal.o
                0x0000000008001350                HAL_GetTick
 .text.__NVIC_SetPriorityGrouping
                0x0000000008001364       0x48 ./Drivers/STM32F1xx_HAL_Driver/Src/stm32f1xx_hal_cortex.o
 .text.__NVIC_GetPriorityGrouping
                0x00000000080013ac       0x1c ./Drivers/STM32F1xx_HAL_Driver/Src/stm32f1xx_hal_cortex.o
 .text.__NVIC_EnableIRQ
                0x00000000080013c8       0x38 ./Drivers/STM32F1xx_HAL_Driver/Src/stm32f1xx_hal_cortex.o
 .text.__NVIC_SetPriority
                0x0000000008001400       0x54 ./Drivers/STM32F1xx_HAL_Driver/Src/stm32f1xx_hal_cortex.o
 .text.NVIC_EncodePriority
                0x0000000008001454       0x64 ./Drivers/STM32F1xx_HAL_Driver/Src/stm32f1xx_hal_cortex.o
 .text.SysTick_Config
                0x00000000080014b8       0x44 ./Drivers/STM32F1xx_HAL_Driver/Src/stm32f1xx_hal_cortex.o
 .text.HAL_NVIC_SetPriorityGrouping
                0x00000000080014fc       0x16 ./Drivers/STM32F1xx_HAL_Driver/Src/stm32f1xx_hal_cortex.o
                0x00000000080014fc                HAL_NVIC_SetPriorityGrouping
 .text.HAL_NVIC_SetPriority
                0x0000000008001512       0x38 ./Drivers/STM32F1xx_HAL_Driver/Src/stm32f1xx_hal_cortex.o
                0x0000000008001512                HAL_NVIC_SetPriority
 .text.HAL_NVIC_EnableIRQ
                0x000000000800154a       0x1c ./Drivers/STM32F1xx_HAL_Driver/Src/stm32f1xx_hal_cortex.o
                0x000000000800154a                HAL_NVIC_EnableIRQ
 .text.HAL_SYSTICK_Config
                0x0000000008001566       0x18 ./Drivers/STM32F1xx_HAL_Driver/Src/stm32f1xx_hal_cortex.o
                0x0000000008001566                HAL_SYSTICK_Config
 *fill*         0x000000000800157e        0x2 
 .text.HAL_GPIO_Init
                0x0000000008001580      0x308 ./Drivers/STM32F1xx_HAL_Driver/Src/stm32f1xx_hal_gpio.o
                0x0000000008001580                HAL_GPIO_Init
 .text.HAL_GPIO_ReadPin
                0x0000000008001888       0x2e ./Drivers/STM32F1xx_HAL_Driver/Src/stm32f1xx_hal_gpio.o
                0x0000000008001888                HAL_GPIO_ReadPin
 .text.HAL_GPIO_WritePin
                0x00000000080018b6       0x30 ./Drivers/STM32F1xx_HAL_Driver/Src/stm32f1xx_hal_gpio.o
                0x00000000080018b6                HAL_GPIO_WritePin
 *fill*         0x00000000080018e6        0x2 
 .text.HAL_RCC_OscConfig
                0x00000000080018e8      0x500 ./Drivers/STM32F1xx_HAL_Driver/Src/stm32f1xx_hal_rcc.o
                0x00000000080018e8                HAL_RCC_OscConfig
 .text.HAL_RCC_ClockConfig
                0x0000000008001de8      0x1d4 ./Drivers/STM32F1xx_HAL_Driver/Src/stm32f1xx_hal_rcc.o
                0x0000000008001de8                HAL_RCC_ClockConfig
 .text.HAL_RCC_GetSysClockFreq
                0x0000000008001fbc       0xc0 ./Drivers/STM32F1xx_HAL_Driver/Src/stm32f1xx_hal_rcc.o
                0x0000000008001fbc                HAL_RCC_GetSysClockFreq
 .text.RCC_Delay
                0x000000000800207c       0x3c ./Drivers/STM32F1xx_HAL_Driver/Src/stm32f1xx_hal_rcc.o
 .text.HAL_TIM_Base_Init
                0x00000000080020b8       0x9e ./Drivers/STM32F1xx_HAL_Driver/Src/stm32f1xx_hal_tim.o
                0x00000000080020b8                HAL_TIM_Base_Init
 *fill*         0x0000000008002156        0x2 
 .text.HAL_TIM_Base_Start_IT
                0x0000000008002158       0xa4 ./Drivers/STM32F1xx_HAL_Driver/Src/stm32f1xx_hal_tim.o
                0x0000000008002158                HAL_TIM_Base_Start_IT
 .text.HAL_TIM_PWM_Init
                0x00000000080021fc       0x9e ./Drivers/STM32F1xx_HAL_Driver/Src/stm32f1xx_hal_tim.o
                0x00000000080021fc                HAL_TIM_PWM_Init
 .text.HAL_TIM_PWM_MspInit
                0x000000000800229a       0x12 ./Drivers/STM32F1xx_HAL_Driver/Src/stm32f1xx_hal_tim.o
                0x000000000800229a                HAL_TIM_PWM_MspInit
 .text.HAL_TIM_PWM_Start
                0x00000000080022ac      0x144 ./Drivers/STM32F1xx_HAL_Driver/Src/stm32f1xx_hal_tim.o
                0x00000000080022ac                HAL_TIM_PWM_Start
 .text.HAL_TIM_IRQHandler
                0x00000000080023f0      0x210 ./Drivers/STM32F1xx_HAL_Driver/Src/stm32f1xx_hal_tim.o
                0x00000000080023f0                HAL_TIM_IRQHandler
 .text.HAL_TIM_PWM_ConfigChannel
                0x0000000008002600      0x17c ./Drivers/STM32F1xx_HAL_Driver/Src/stm32f1xx_hal_tim.o
                0x0000000008002600                HAL_TIM_PWM_ConfigChannel
 .text.HAL_TIM_ConfigClockSource
                0x000000000800277c      0x188 ./Drivers/STM32F1xx_HAL_Driver/Src/stm32f1xx_hal_tim.o
                0x000000000800277c                HAL_TIM_ConfigClockSource
 .text.HAL_TIM_OC_DelayElapsedCallback
                0x0000000008002904       0x12 ./Drivers/STM32F1xx_HAL_Driver/Src/stm32f1xx_hal_tim.o
                0x0000000008002904                HAL_TIM_OC_DelayElapsedCallback
 .text.HAL_TIM_IC_CaptureCallback
                0x0000000008002916       0x12 ./Drivers/STM32F1xx_HAL_Driver/Src/stm32f1xx_hal_tim.o
                0x0000000008002916                HAL_TIM_IC_CaptureCallback
 .text.HAL_TIM_PWM_PulseFinishedCallback
                0x0000000008002928       0x12 ./Drivers/STM32F1xx_HAL_Driver/Src/stm32f1xx_hal_tim.o
                0x0000000008002928                HAL_TIM_PWM_PulseFinishedCallback
 .text.HAL_TIM_TriggerCallback
                0x000000000800293a       0x12 ./Drivers/STM32F1xx_HAL_Driver/Src/stm32f1xx_hal_tim.o
                0x000000000800293a                HAL_TIM_TriggerCallback
 .text.TIM_Base_SetConfig
                0x000000000800294c       0xc4 ./Drivers/STM32F1xx_HAL_Driver/Src/stm32f1xx_hal_tim.o
                0x000000000800294c                TIM_Base_SetConfig
 .text.TIM_OC1_SetConfig
                0x0000000008002a10       0xcc ./Drivers/STM32F1xx_HAL_Driver/Src/stm32f1xx_hal_tim.o
 .text.TIM_OC2_SetConfig
                0x0000000008002adc       0xd4 ./Drivers/STM32F1xx_HAL_Driver/Src/stm32f1xx_hal_tim.o
                0x0000000008002adc                TIM_OC2_SetConfig
 .text.TIM_OC3_SetConfig
                0x0000000008002bb0       0xd4 ./Drivers/STM32F1xx_HAL_Driver/Src/stm32f1xx_hal_tim.o
 .text.TIM_OC4_SetConfig
                0x0000000008002c84       0x9c ./Drivers/STM32F1xx_HAL_Driver/Src/stm32f1xx_hal_tim.o
 .text.TIM_TI1_ConfigInputStage
                0x0000000008002d20       0x5c ./Drivers/STM32F1xx_HAL_Driver/Src/stm32f1xx_hal_tim.o
 .text.TIM_TI2_ConfigInputStage
                0x0000000008002d7c       0x5e ./Drivers/STM32F1xx_HAL_Driver/Src/stm32f1xx_hal_tim.o
 .text.TIM_ITRx_SetConfig
                0x0000000008002dda       0x34 ./Drivers/STM32F1xx_HAL_Driver/Src/stm32f1xx_hal_tim.o
 .text.TIM_ETR_SetConfig
                0x0000000008002e0e       0x3e ./Drivers/STM32F1xx_HAL_Driver/Src/stm32f1xx_hal_tim.o
                0x0000000008002e0e                TIM_ETR_SetConfig
 .text.TIM_CCxChannelCmd
                0x0000000008002e4c       0x48 ./Drivers/STM32F1xx_HAL_Driver/Src/stm32f1xx_hal_tim.o
                0x0000000008002e4c                TIM_CCxChannelCmd
 .text.HAL_TIMEx_MasterConfigSynchronization
                0x0000000008002e94       0xbc ./Drivers/STM32F1xx_HAL_Driver/Src/stm32f1xx_hal_tim_ex.o
                0x0000000008002e94                HAL_TIMEx_MasterConfigSynchronization
 .text.HAL_TIMEx_CommutCallback
                0x0000000008002f50       0x12 ./Drivers/STM32F1xx_HAL_Driver/Src/stm32f1xx_hal_tim_ex.o
                0x0000000008002f50                HAL_TIMEx_CommutCallback
 .text.HAL_TIMEx_BreakCallback
                0x0000000008002f62       0x12 ./Drivers/STM32F1xx_HAL_Driver/Src/stm32f1xx_hal_tim_ex.o
                0x0000000008002f62                HAL_TIMEx_BreakCallback
 .text.__libc_init_array
                0x0000000008002f74       0x48 c:/st/stm32cubeide_1.7.0/stm32cubeide/plugins/com.st.stm32cube.ide.mcu.externaltools.gnu-tools-for-stm32.9-2020-q2-update.win32_2.0.0.202105311346/tools/bin/../lib/gcc/arm-none-eabi/9.3.1/../../../../arm-none-eabi/lib/thumb/v7-m/nofp\libc_nano.a(lib_a-init.o)
                0x0000000008002f74                __libc_init_array
 .text.memset   0x0000000008002fbc       0x10 c:/st/stm32cubeide_1.7.0/stm32cubeide/plugins/com.st.stm32cube.ide.mcu.externaltools.gnu-tools-for-stm32.9-2020-q2-update.win32_2.0.0.202105311346/tools/bin/../lib/gcc/arm-none-eabi/9.3.1/../../../../arm-none-eabi/lib/thumb/v7-m/nofp\libc_nano.a(lib_a-memset.o)
                0x0000000008002fbc                memset
 *(.glue_7)
 .glue_7        0x0000000008002fcc        0x0 linker stubs
 *(.glue_7t)
 .glue_7t       0x0000000008002fcc        0x0 linker stubs
 *(.eh_frame)
 .eh_frame      0x0000000008002fcc        0x0 c:/st/stm32cubeide_1.7.0/stm32cubeide/plugins/com.st.stm32cube.ide.mcu.externaltools.gnu-tools-for-stm32.9-2020-q2-update.win32_2.0.0.202105311346/tools/bin/../lib/gcc/arm-none-eabi/9.3.1/thumb/v7-m/nofp/crtbegin.o
 *(.init)
 .init          0x0000000008002fcc        0x4 c:/st/stm32cubeide_1.7.0/stm32cubeide/plugins/com.st.stm32cube.ide.mcu.externaltools.gnu-tools-for-stm32.9-2020-q2-update.win32_2.0.0.202105311346/tools/bin/../lib/gcc/arm-none-eabi/9.3.1/thumb/v7-m/nofp/crti.o
                0x0000000008002fcc                _init
 .init          0x0000000008002fd0        0x8 c:/st/stm32cubeide_1.7.0/stm32cubeide/plugins/com.st.stm32cube.ide.mcu.externaltools.gnu-tools-for-stm32.9-2020-q2-update.win32_2.0.0.202105311346/tools/bin/../lib/gcc/arm-none-eabi/9.3.1/thumb/v7-m/nofp/crtn.o
 *(.fini)
 .fini          0x0000000008002fd8        0x4 c:/st/stm32cubeide_1.7.0/stm32cubeide/plugins/com.st.stm32cube.ide.mcu.externaltools.gnu-tools-for-stm32.9-2020-q2-update.win32_2.0.0.202105311346/tools/bin/../lib/gcc/arm-none-eabi/9.3.1/thumb/v7-m/nofp/crti.o
                0x0000000008002fd8                _fini
 .fini          0x0000000008002fdc        0x8 c:/st/stm32cubeide_1.7.0/stm32cubeide/plugins/com.st.stm32cube.ide.mcu.externaltools.gnu-tools-for-stm32.9-2020-q2-update.win32_2.0.0.202105311346/tools/bin/../lib/gcc/arm-none-eabi/9.3.1/thumb/v7-m/nofp/crtn.o
                0x0000000008002fe4                . = ALIGN (0x4)
                0x0000000008002fe4                _etext = .

.vfp11_veneer   0x0000000008002fe4        0x0
 .vfp11_veneer  0x0000000008002fe4        0x0 linker stubs

.v4_bx          0x0000000008002fe4        0x0
 .v4_bx         0x0000000008002fe4        0x0 linker stubs

.iplt           0x0000000008002fe4        0x0
 .iplt          0x0000000008002fe4        0x0 c:/st/stm32cubeide_1.7.0/stm32cubeide/plugins/com.st.stm32cube.ide.mcu.externaltools.gnu-tools-for-stm32.9-2020-q2-update.win32_2.0.0.202105311346/tools/bin/../lib/gcc/arm-none-eabi/9.3.1/thumb/v7-m/nofp/crtbegin.o

.rodata         0x0000000008002fe4       0x20
                0x0000000008002fe4                . = ALIGN (0x4)
 *(.rodata)
 .rodata        0x0000000008002fe4       0x10 ./Drivers/STM32F1xx_HAL_Driver/Src/stm32f1xx_hal_rcc.o
 *(.rodata*)
 .rodata.AHBPrescTable
                0x0000000008002ff4       0x10 ./Core/Src/system_stm32f1xx.o
                0x0000000008002ff4                AHBPrescTable
                0x0000000008003004                . = ALIGN (0x4)

.rel.dyn        0x0000000008003004        0x0
 .rel.iplt      0x0000000008003004        0x0 c:/st/stm32cubeide_1.7.0/stm32cubeide/plugins/com.st.stm32cube.ide.mcu.externaltools.gnu-tools-for-stm32.9-2020-q2-update.win32_2.0.0.202105311346/tools/bin/../lib/gcc/arm-none-eabi/9.3.1/thumb/v7-m/nofp/crtbegin.o

.ARM.extab      0x0000000008003004        0x0
                0x0000000008003004                . = ALIGN (0x4)
 *(.ARM.extab* .gnu.linkonce.armextab.*)
                0x0000000008003004                . = ALIGN (0x4)

.ARM            0x0000000008003004        0x0
                0x0000000008003004                . = ALIGN (0x4)
                0x0000000008003004                __exidx_start = .
 *(.ARM.exidx*)
                0x0000000008003004                __exidx_end = .
                0x0000000008003004                . = ALIGN (0x4)

.preinit_array  0x0000000008003004        0x0
                0x0000000008003004                . = ALIGN (0x4)
                0x0000000008003004                PROVIDE (__preinit_array_start = .)
 *(.preinit_array*)
                0x0000000008003004                PROVIDE (__preinit_array_end = .)
                0x0000000008003004                . = ALIGN (0x4)

.init_array     0x0000000008003004        0x4
                0x0000000008003004                . = ALIGN (0x4)
                0x0000000008003004                PROVIDE (__init_array_start = .)
 *(SORT_BY_NAME(.init_array.*))
 *(.init_array*)
 .init_array    0x0000000008003004        0x4 c:/st/stm32cubeide_1.7.0/stm32cubeide/plugins/com.st.stm32cube.ide.mcu.externaltools.gnu-tools-for-stm32.9-2020-q2-update.win32_2.0.0.202105311346/tools/bin/../lib/gcc/arm-none-eabi/9.3.1/thumb/v7-m/nofp/crtbegin.o
                0x0000000008003008                PROVIDE (__init_array_end = .)
                0x0000000008003008                . = ALIGN (0x4)

.fini_array     0x0000000008003008        0x4
                0x0000000008003008                . = ALIGN (0x4)
                [!provide]                        PROVIDE (__fini_array_start = .)
 *(SORT_BY_NAME(.fini_array.*))
 *(.fini_array*)
 .fini_array    0x0000000008003008        0x4 c:/st/stm32cubeide_1.7.0/stm32cubeide/plugins/com.st.stm32cube.ide.mcu.externaltools.gnu-tools-for-stm32.9-2020-q2-update.win32_2.0.0.202105311346/tools/bin/../lib/gcc/arm-none-eabi/9.3.1/thumb/v7-m/nofp/crtbegin.o
                [!provide]                        PROVIDE (__fini_array_end = .)
                0x000000000800300c                . = ALIGN (0x4)
                0x000000000800300c                _sidata = LOADADDR (.data)

.data           0x0000000020000000       0x5c load address 0x000000000800300c
                0x0000000020000000                . = ALIGN (0x4)
                0x0000000020000000                _sdata = .
 *(.data)
 *(.data*)
 .data.KeyReg0  0x0000000020000000        0x4 ./Core/Src/button.o
                0x0000000020000000                KeyReg0
 .data.KeyReg1  0x0000000020000004        0x4 ./Core/Src/button.o
                0x0000000020000004                KeyReg1
 .data.KeyReg2  0x0000000020000008        0x4 ./Core/Src/button.o
                0x0000000020000008                KeyReg2
 .data.KeyReg3  0x000000002000000c        0x4 ./Core/Src/button.o
                0x000000002000000c                KeyReg3
 .data.TimerForKeyPress1
                0x0000000020000010        0x4 ./Core/Src/button.o
                0x0000000020000010                TimerForKeyPress1
 .data.KeyReg4  0x0000000020000014        0x4 ./Core/Src/button.o
                0x0000000020000014                KeyReg4
 .data.KeyReg5  0x0000000020000018        0x4 ./Core/Src/button.o
                0x0000000020000018                KeyReg5
 .data.KeyReg6  0x000000002000001c        0x4 ./Core/Src/button.o
                0x000000002000001c                KeyReg6
 .data.KeyReg7  0x0000000020000020        0x4 ./Core/Src/button.o
                0x0000000020000020                KeyReg7
 .data.TimerForKeyPress2
                0x0000000020000024        0x4 ./Core/Src/button.o
                0x0000000020000024                TimerForKeyPress2
 .data.KeyReg8  0x0000000020000028        0x4 ./Core/Src/button.o
                0x0000000020000028                KeyReg8
 .data.KeyReg9  0x000000002000002c        0x4 ./Core/Src/button.o
                0x000000002000002c                KeyReg9
 .data.KeyReg10
                0x0000000020000030        0x4 ./Core/Src/button.o
                0x0000000020000030                KeyReg10
 .data.KeyReg11
                0x0000000020000034        0x4 ./Core/Src/button.o
                0x0000000020000034                KeyReg11
 .data.TimerForKeyPress3
                0x0000000020000038        0x4 ./Core/Src/button.o
                0x0000000020000038                TimerForKeyPress3
 .data.KeyReg12
                0x000000002000003c        0x4 ./Core/Src/button.o
                0x000000002000003c                KeyReg12
 .data.KeyReg13
                0x0000000020000040        0x4 ./Core/Src/button.o
                0x0000000020000040                KeyReg13
 .data.KeyReg14
                0x0000000020000044        0x4 ./Core/Src/button.o
                0x0000000020000044                KeyReg14
 .data.KeyReg15
                0x0000000020000048        0x4 ./Core/Src/button.o
                0x0000000020000048                KeyReg15
 .data.TimerForKeyPress4
                0x000000002000004c        0x4 ./Core/Src/button.o
                0x000000002000004c                TimerForKeyPress4
 .data.SystemCoreClock
                0x0000000020000050        0x4 ./Core/Src/system_stm32f1xx.o
                0x0000000020000050                SystemCoreClock
 .data.uwTickPrio
                0x0000000020000054        0x4 ./Drivers/STM32F1xx_HAL_Driver/Src/stm32f1xx_hal.o
                0x0000000020000054                uwTickPrio
 .data.uwTickFreq
                0x0000000020000058        0x1 ./Drivers/STM32F1xx_HAL_Driver/Src/stm32f1xx_hal.o
                0x0000000020000058                uwTickFreq
 *(.RamFunc)
 *(.RamFunc*)
                0x000000002000005c                . = ALIGN (0x4)
 *fill*         0x0000000020000059        0x3 
                0x000000002000005c                _edata = .

.igot.plt       0x000000002000005c        0x0 load address 0x0000000008003068
 .igot.plt      0x000000002000005c        0x0 c:/st/stm32cubeide_1.7.0/stm32cubeide/plugins/com.st.stm32cube.ide.mcu.externaltools.gnu-tools-for-stm32.9-2020-q2-update.win32_2.0.0.202105311346/tools/bin/../lib/gcc/arm-none-eabi/9.3.1/thumb/v7-m/nofp/crtbegin.o
                0x000000002000005c                . = ALIGN (0x4)

.bss            0x000000002000005c       0xf4 load address 0x0000000008003068
                0x000000002000005c                _sbss = .
                0x000000002000005c                __bss_start__ = _sbss
 *(.bss)
 .bss           0x000000002000005c       0x1c c:/st/stm32cubeide_1.7.0/stm32cubeide/plugins/com.st.stm32cube.ide.mcu.externaltools.gnu-tools-for-stm32.9-2020-q2-update.win32_2.0.0.202105311346/tools/bin/../lib/gcc/arm-none-eabi/9.3.1/thumb/v7-m/nofp/crtbegin.o
 *(.bss*)
 .bss.button1_flag
                0x0000000020000078        0x4 ./Core/Src/button.o
                0x0000000020000078                button1_flag
 .bss.button2_flag
                0x000000002000007c        0x4 ./Core/Src/button.o
                0x000000002000007c                button2_flag
 .bss.button3_flag
                0x0000000020000080        0x4 ./Core/Src/button.o
                0x0000000020000080                button3_flag
 .bss.button4_flag
                0x0000000020000084        0x4 ./Core/Src/button.o
                0x0000000020000084                button4_flag
 .bss.status    0x0000000020000088        0x4 ./Core/Src/global.o
                0x0000000020000088                status
 .bss.timer1_flag
                0x000000002000008c        0x4 ./Core/Src/software_timer.o
                0x000000002000008c                timer1_flag
 .bss.timer1_counter
                0x0000000020000090        0x4 ./Core/Src/software_timer.o
                0x0000000020000090                timer1_counter
 .bss.timer2_flag
                0x0000000020000094        0x4 ./Core/Src/software_timer.o
                0x0000000020000094                timer2_flag
 .bss.timer2_counter
                0x0000000020000098        0x4 ./Core/Src/software_timer.o
                0x0000000020000098                timer2_counter
 .bss.timer_red_flag
                0x000000002000009c        0x4 ./Core/Src/software_timer.o
                0x000000002000009c                timer_red_flag
 .bss.timer_red_counter
                0x00000000200000a0        0x4 ./Core/Src/software_timer.o
                0x00000000200000a0                timer_red_counter
 .bss.timer_yellow_counter
                0x00000000200000a4        0x4 ./Core/Src/software_timer.o
                0x00000000200000a4                timer_yellow_counter
 .bss.timer_yellow_flag
                0x00000000200000a8        0x4 ./Core/Src/software_timer.o
                0x00000000200000a8                timer_yellow_flag
 .bss.timer_green_counter
                0x00000000200000ac        0x4 ./Core/Src/software_timer.o
                0x00000000200000ac                timer_green_counter
 .bss.timer_green_flag
                0x00000000200000b0        0x4 ./Core/Src/software_timer.o
                0x00000000200000b0                timer_green_flag
 .bss.timer_pedes_counter
                0x00000000200000b4        0x4 ./Core/Src/software_timer.o
                0x00000000200000b4                timer_pedes_counter
 .bss.timer_pedes_flag
                0x00000000200000b8        0x4 ./Core/Src/software_timer.o
                0x00000000200000b8                timer_pedes_flag
 *(COMMON)
 COMMON         0x00000000200000bc       0x90 ./Core/Src/main.o
                0x00000000200000bc                htim3
                0x0000000020000104                htim2
 COMMON         0x000000002000014c        0x4 ./Drivers/STM32F1xx_HAL_Driver/Src/stm32f1xx_hal.o
                0x000000002000014c                uwTick
                0x0000000020000150                . = ALIGN (0x4)
                0x0000000020000150                _ebss = .
                0x0000000020000150                __bss_end__ = _ebss

._user_heap_stack
                0x0000000020000150      0x600 load address 0x0000000008003068
                0x0000000020000150                . = ALIGN (0x8)
                [!provide]                        PROVIDE (end = .)
                0x0000000020000150                PROVIDE (_end = .)
                0x0000000020000350                . = (. + _Min_Heap_Size)
 *fill*         0x0000000020000150      0x200 
                0x0000000020000750                . = (. + _Min_Stack_Size)
 *fill*         0x0000000020000350      0x400 
                0x0000000020000750                . = ALIGN (0x8)

/DISCARD/
 libc.a(*)
 libm.a(*)
 libgcc.a(*)

.ARM.attributes
                0x0000000000000000       0x29
 *(.ARM.attributes)
 .ARM.attributes
                0x0000000000000000       0x1d c:/st/stm32cubeide_1.7.0/stm32cubeide/plugins/com.st.stm32cube.ide.mcu.externaltools.gnu-tools-for-stm32.9-2020-q2-update.win32_2.0.0.202105311346/tools/bin/../lib/gcc/arm-none-eabi/9.3.1/thumb/v7-m/nofp/crti.o
 .ARM.attributes
                0x000000000000001d       0x2d c:/st/stm32cubeide_1.7.0/stm32cubeide/plugins/com.st.stm32cube.ide.mcu.externaltools.gnu-tools-for-stm32.9-2020-q2-update.win32_2.0.0.202105311346/tools/bin/../lib/gcc/arm-none-eabi/9.3.1/thumb/v7-m/nofp/crtbegin.o
 .ARM.attributes
                0x000000000000004a       0x2d ./Core/Src/auto_fsm.o
 .ARM.attributes
                0x0000000000000077       0x2d ./Core/Src/button.o
 .ARM.attributes
                0x00000000000000a4       0x33 ./Core/Src/global.o
 .ARM.attributes
                0x00000000000000d7       0x2d ./Core/Src/main.o
 .ARM.attributes
                0x0000000000000104       0x2d ./Core/Src/man_fsm.o
 .ARM.attributes
                0x0000000000000131       0x2d ./Core/Src/pdtlight.o
 .ARM.attributes
                0x000000000000015e       0x2d ./Core/Src/ped_fsm.o
 .ARM.attributes
                0x000000000000018b       0x2d ./Core/Src/software_timer.o
 .ARM.attributes
                0x00000000000001b8       0x2d ./Core/Src/stm32f1xx_hal_msp.o
 .ARM.attributes
                0x00000000000001e5       0x2d ./Core/Src/stm32f1xx_it.o
 .ARM.attributes
                0x0000000000000212       0x2d ./Core/Src/system_stm32f1xx.o
 .ARM.attributes
                0x000000000000023f       0x2d ./Core/Src/traffic1.o
 .ARM.attributes
                0x000000000000026c       0x2d ./Core/Src/traffic2.o
 .ARM.attributes
                0x0000000000000299       0x2d ./Core/Src/tun_fsm.o
 .ARM.attributes
                0x00000000000002c6       0x21 ./Core/Startup/startup_stm32f103rbtx.o
 .ARM.attributes
                0x00000000000002e7       0x2d ./Drivers/STM32F1xx_HAL_Driver/Src/stm32f1xx_hal.o
 .ARM.attributes
                0x0000000000000314       0x2d ./Drivers/STM32F1xx_HAL_Driver/Src/stm32f1xx_hal_cortex.o
 .ARM.attributes
                0x0000000000000341       0x2d ./Drivers/STM32F1xx_HAL_Driver/Src/stm32f1xx_hal_gpio.o
 .ARM.attributes
                0x000000000000036e       0x2d ./Drivers/STM32F1xx_HAL_Driver/Src/stm32f1xx_hal_rcc.o
 .ARM.attributes
                0x000000000000039b       0x2d ./Drivers/STM32F1xx_HAL_Driver/Src/stm32f1xx_hal_tim.o
 .ARM.attributes
                0x00000000000003c8       0x2d ./Drivers/STM32F1xx_HAL_Driver/Src/stm32f1xx_hal_tim_ex.o
 .ARM.attributes
                0x00000000000003f5       0x2d c:/st/stm32cubeide_1.7.0/stm32cubeide/plugins/com.st.stm32cube.ide.mcu.externaltools.gnu-tools-for-stm32.9-2020-q2-update.win32_2.0.0.202105311346/tools/bin/../lib/gcc/arm-none-eabi/9.3.1/../../../../arm-none-eabi/lib/thumb/v7-m/nofp\libc_nano.a(lib_a-init.o)
 .ARM.attributes
                0x0000000000000422       0x2d c:/st/stm32cubeide_1.7.0/stm32cubeide/plugins/com.st.stm32cube.ide.mcu.externaltools.gnu-tools-for-stm32.9-2020-q2-update.win32_2.0.0.202105311346/tools/bin/../lib/gcc/arm-none-eabi/9.3.1/../../../../arm-none-eabi/lib/thumb/v7-m/nofp\libc_nano.a(lib_a-memset.o)
 .ARM.attributes
                0x000000000000044f       0x1d c:/st/stm32cubeide_1.7.0/stm32cubeide/plugins/com.st.stm32cube.ide.mcu.externaltools.gnu-tools-for-stm32.9-2020-q2-update.win32_2.0.0.202105311346/tools/bin/../lib/gcc/arm-none-eabi/9.3.1/thumb/v7-m/nofp/crtn.o
OUTPUT(Assignment.elf elf32-littlearm)
LOAD linker stubs
LOAD c:/st/stm32cubeide_1.7.0/stm32cubeide/plugins/com.st.stm32cube.ide.mcu.externaltools.gnu-tools-for-stm32.9-2020-q2-update.win32_2.0.0.202105311346/tools/bin/../lib/gcc/arm-none-eabi/9.3.1/../../../../arm-none-eabi/lib/thumb/v7-m/nofp\libc.a
LOAD c:/st/stm32cubeide_1.7.0/stm32cubeide/plugins/com.st.stm32cube.ide.mcu.externaltools.gnu-tools-for-stm32.9-2020-q2-update.win32_2.0.0.202105311346/tools/bin/../lib/gcc/arm-none-eabi/9.3.1/../../../../arm-none-eabi/lib/thumb/v7-m/nofp\libm.a
LOAD c:/st/stm32cubeide_1.7.0/stm32cubeide/plugins/com.st.stm32cube.ide.mcu.externaltools.gnu-tools-for-stm32.9-2020-q2-update.win32_2.0.0.202105311346/tools/bin/../lib/gcc/arm-none-eabi/9.3.1/thumb/v7-m/nofp\libgcc.a

.debug_info     0x0000000000000000     0x9f04
 .debug_info    0x0000000000000000      0x235 ./Core/Src/auto_fsm.o
 .debug_info    0x0000000000000235      0x4e5 ./Core/Src/button.o
 .debug_info    0x000000000000071a      0x1ec ./Core/Src/global.o
 .debug_info    0x0000000000000906      0xccf ./Core/Src/main.o
 .debug_info    0x00000000000015d5      0x223 ./Core/Src/man_fsm.o
 .debug_info    0x00000000000017f8      0x263 ./Core/Src/pdtlight.o
 .debug_info    0x0000000000001a5b      0x1ff ./Core/Src/ped_fsm.o
 .debug_info    0x0000000000001c5a      0x35a ./Core/Src/software_timer.o
 .debug_info    0x0000000000001fb4      0xb86 ./Core/Src/stm32f1xx_hal_msp.o
 .debug_info    0x0000000000002b3a      0x7d2 ./Core/Src/stm32f1xx_it.o
 .debug_info    0x000000000000330c      0x2be ./Core/Src/system_stm32f1xx.o
 .debug_info    0x00000000000035ca      0x275 ./Core/Src/traffic1.o
 .debug_info    0x000000000000383f      0x275 ./Core/Src/traffic2.o
 .debug_info    0x0000000000003ab4      0x23f ./Core/Src/tun_fsm.o
 .debug_info    0x0000000000003cf3       0x22 ./Core/Startup/startup_stm32f103rbtx.o
 .debug_info    0x0000000000003d15      0x76a ./Drivers/STM32F1xx_HAL_Driver/Src/stm32f1xx_hal.o
 .debug_info    0x000000000000447f      0xbdc ./Drivers/STM32F1xx_HAL_Driver/Src/stm32f1xx_hal_cortex.o
 .debug_info    0x000000000000505b      0x701 ./Drivers/STM32F1xx_HAL_Driver/Src/stm32f1xx_hal_gpio.o
 .debug_info    0x000000000000575c      0x88e ./Drivers/STM32F1xx_HAL_Driver/Src/stm32f1xx_hal_rcc.o
 .debug_info    0x0000000000005fea     0x2a45 ./Drivers/STM32F1xx_HAL_Driver/Src/stm32f1xx_hal_tim.o
 .debug_info    0x0000000000008a2f     0x14d5 ./Drivers/STM32F1xx_HAL_Driver/Src/stm32f1xx_hal_tim_ex.o

.debug_abbrev   0x0000000000000000     0x1eed
 .debug_abbrev  0x0000000000000000       0xec ./Core/Src/auto_fsm.o
 .debug_abbrev  0x00000000000000ec      0x14a ./Core/Src/button.o
 .debug_abbrev  0x0000000000000236       0xbc ./Core/Src/global.o
 .debug_abbrev  0x00000000000002f2      0x273 ./Core/Src/main.o
 .debug_abbrev  0x0000000000000565       0xec ./Core/Src/man_fsm.o
 .debug_abbrev  0x0000000000000651       0xff ./Core/Src/pdtlight.o
 .debug_abbrev  0x0000000000000750       0xd7 ./Core/Src/ped_fsm.o
 .debug_abbrev  0x0000000000000827      0x11f ./Core/Src/software_timer.o
 .debug_abbrev  0x0000000000000946      0x1c8 ./Core/Src/stm32f1xx_hal_msp.o
 .debug_abbrev  0x0000000000000b0e      0x176 ./Core/Src/stm32f1xx_it.o
 .debug_abbrev  0x0000000000000c84      0x14e ./Core/Src/system_stm32f1xx.o
 .debug_abbrev  0x0000000000000dd2       0xff ./Core/Src/traffic1.o
 .debug_abbrev  0x0000000000000ed1       0xff ./Core/Src/traffic2.o
 .debug_abbrev  0x0000000000000fd0       0xec ./Core/Src/tun_fsm.o
 .debug_abbrev  0x00000000000010bc       0x12 ./Core/Startup/startup_stm32f103rbtx.o
 .debug_abbrev  0x00000000000010ce      0x1ed ./Drivers/STM32F1xx_HAL_Driver/Src/stm32f1xx_hal.o
 .debug_abbrev  0x00000000000012bb      0x313 ./Drivers/STM32F1xx_HAL_Driver/Src/stm32f1xx_hal_cortex.o
 .debug_abbrev  0x00000000000015ce      0x1e8 ./Drivers/STM32F1xx_HAL_Driver/Src/stm32f1xx_hal_gpio.o
 .debug_abbrev  0x00000000000017b6      0x273 ./Drivers/STM32F1xx_HAL_Driver/Src/stm32f1xx_hal_rcc.o
 .debug_abbrev  0x0000000000001a29      0x25e ./Drivers/STM32F1xx_HAL_Driver/Src/stm32f1xx_hal_tim.o
 .debug_abbrev  0x0000000000001c87      0x266 ./Drivers/STM32F1xx_HAL_Driver/Src/stm32f1xx_hal_tim_ex.o

.debug_aranges  0x0000000000000000      0xb48
 .debug_aranges
                0x0000000000000000       0x20 ./Core/Src/auto_fsm.o
 .debug_aranges
                0x0000000000000020       0x78 ./Core/Src/button.o
 .debug_aranges
                0x0000000000000098       0x18 ./Core/Src/global.o
 .debug_aranges
                0x00000000000000b0       0x50 ./Core/Src/main.o
 .debug_aranges
                0x0000000000000100       0x20 ./Core/Src/man_fsm.o
 .debug_aranges
                0x0000000000000120       0x30 ./Core/Src/pdtlight.o
 .debug_aranges
                0x0000000000000150       0x20 ./Core/Src/ped_fsm.o
 .debug_aranges
                0x0000000000000170       0x50 ./Core/Src/software_timer.o
 .debug_aranges
                0x00000000000001c0       0x38 ./Core/Src/stm32f1xx_hal_msp.o
 .debug_aranges
                0x00000000000001f8       0x70 ./Core/Src/stm32f1xx_it.o
 .debug_aranges
                0x0000000000000268       0x28 ./Core/Src/system_stm32f1xx.o
 .debug_aranges
                0x0000000000000290       0x38 ./Core/Src/traffic1.o
 .debug_aranges
                0x00000000000002c8       0x38 ./Core/Src/traffic2.o
 .debug_aranges
                0x0000000000000300       0x20 ./Core/Src/tun_fsm.o
 .debug_aranges
                0x0000000000000320       0x28 ./Core/Startup/startup_stm32f103rbtx.o
 .debug_aranges
                0x0000000000000348       0xe0 ./Drivers/STM32F1xx_HAL_Driver/Src/stm32f1xx_hal.o
 .debug_aranges
                0x0000000000000428      0x100 ./Drivers/STM32F1xx_HAL_Driver/Src/stm32f1xx_hal_cortex.o
 .debug_aranges
                0x0000000000000528       0x58 ./Drivers/STM32F1xx_HAL_Driver/Src/stm32f1xx_hal_gpio.o
 .debug_aranges
                0x0000000000000580       0x90 ./Drivers/STM32F1xx_HAL_Driver/Src/stm32f1xx_hal_rcc.o
 .debug_aranges
                0x0000000000000610      0x3d0 ./Drivers/STM32F1xx_HAL_Driver/Src/stm32f1xx_hal_tim.o
 .debug_aranges
                0x00000000000009e0      0x168 ./Drivers/STM32F1xx_HAL_Driver/Src/stm32f1xx_hal_tim_ex.o

.debug_ranges   0x0000000000000000      0x9f8
 .debug_ranges  0x0000000000000000       0x10 ./Core/Src/auto_fsm.o
 .debug_ranges  0x0000000000000010       0x68 ./Core/Src/button.o
 .debug_ranges  0x0000000000000078       0x40 ./Core/Src/main.o
 .debug_ranges  0x00000000000000b8       0x10 ./Core/Src/man_fsm.o
 .debug_ranges  0x00000000000000c8       0x20 ./Core/Src/pdtlight.o
 .debug_ranges  0x00000000000000e8       0x10 ./Core/Src/ped_fsm.o
 .debug_ranges  0x00000000000000f8       0x40 ./Core/Src/software_timer.o
 .debug_ranges  0x0000000000000138       0x28 ./Core/Src/stm32f1xx_hal_msp.o
 .debug_ranges  0x0000000000000160       0x60 ./Core/Src/stm32f1xx_it.o
 .debug_ranges  0x00000000000001c0       0x18 ./Core/Src/system_stm32f1xx.o
 .debug_ranges  0x00000000000001d8       0x28 ./Core/Src/traffic1.o
 .debug_ranges  0x0000000000000200       0x28 ./Core/Src/traffic2.o
 .debug_ranges  0x0000000000000228       0x10 ./Core/Src/tun_fsm.o
 .debug_ranges  0x0000000000000238       0x20 ./Core/Startup/startup_stm32f103rbtx.o
 .debug_ranges  0x0000000000000258       0xd0 ./Drivers/STM32F1xx_HAL_Driver/Src/stm32f1xx_hal.o
 .debug_ranges  0x0000000000000328       0xf0 ./Drivers/STM32F1xx_HAL_Driver/Src/stm32f1xx_hal_cortex.o
 .debug_ranges  0x0000000000000418       0x48 ./Drivers/STM32F1xx_HAL_Driver/Src/stm32f1xx_hal_gpio.o
 .debug_ranges  0x0000000000000460       0x80 ./Drivers/STM32F1xx_HAL_Driver/Src/stm32f1xx_hal_rcc.o
 .debug_ranges  0x00000000000004e0      0x3c0 ./Drivers/STM32F1xx_HAL_Driver/Src/stm32f1xx_hal_tim.o
 .debug_ranges  0x00000000000008a0      0x158 ./Drivers/STM32F1xx_HAL_Driver/Src/stm32f1xx_hal_tim_ex.o

.debug_macro    0x0000000000000000    0x17931
 .debug_macro   0x0000000000000000      0x1ee ./Core/Src/auto_fsm.o
 .debug_macro   0x00000000000001ee      0xa9c ./Core/Src/auto_fsm.o
 .debug_macro   0x0000000000000c8a      0x215 ./Core/Src/auto_fsm.o
 .debug_macro   0x0000000000000e9f       0x2e ./Core/Src/auto_fsm.o
 .debug_macro   0x0000000000000ecd       0x22 ./Core/Src/auto_fsm.o
 .debug_macro   0x0000000000000eef       0x22 ./Core/Src/auto_fsm.o
 .debug_macro   0x0000000000000f11       0x8e ./Core/Src/auto_fsm.o
 .debug_macro   0x0000000000000f9f       0x51 ./Core/Src/auto_fsm.o
 .debug_macro   0x0000000000000ff0      0x103 ./Core/Src/auto_fsm.o
 .debug_macro   0x00000000000010f3       0x6a ./Core/Src/auto_fsm.o
 .debug_macro   0x000000000000115d      0x1df ./Core/Src/auto_fsm.o
 .debug_macro   0x000000000000133c       0x1c ./Core/Src/auto_fsm.o
 .debug_macro   0x0000000000001358       0x22 ./Core/Src/auto_fsm.o
 .debug_macro   0x000000000000137a       0xc3 ./Core/Src/auto_fsm.o
 .debug_macro   0x000000000000143d      0xd23 ./Core/Src/auto_fsm.o
 .debug_macro   0x0000000000002160     0xe09e ./Core/Src/auto_fsm.o
 .debug_macro   0x00000000000101fe       0x6d ./Core/Src/auto_fsm.o
 .debug_macro   0x000000000001026b     0x3468 ./Core/Src/auto_fsm.o
 .debug_macro   0x00000000000136d3      0x174 ./Core/Src/auto_fsm.o
 .debug_macro   0x0000000000013847       0x5c ./Core/Src/auto_fsm.o
 .debug_macro   0x00000000000138a3      0x5be ./Core/Src/auto_fsm.o
 .debug_macro   0x0000000000013e61      0x289 ./Core/Src/auto_fsm.o
 .debug_macro   0x00000000000140ea      0x1cb ./Core/Src/auto_fsm.o
 .debug_macro   0x00000000000142b5      0x114 ./Core/Src/auto_fsm.o
 .debug_macro   0x00000000000143c9      0x1b2 ./Core/Src/auto_fsm.o
 .debug_macro   0x000000000001457b       0x27 ./Core/Src/auto_fsm.o
 .debug_macro   0x00000000000145a2      0x136 ./Core/Src/auto_fsm.o
 .debug_macro   0x00000000000146d8      0x1bc ./Core/Src/auto_fsm.o
 .debug_macro   0x0000000000014894       0x34 ./Core/Src/auto_fsm.o
 .debug_macro   0x00000000000148c8       0x3c ./Core/Src/auto_fsm.o
 .debug_macro   0x0000000000014904       0x57 ./Core/Src/auto_fsm.o
 .debug_macro   0x000000000001495b       0x88 ./Core/Src/auto_fsm.o
 .debug_macro   0x00000000000149e3      0x241 ./Core/Src/auto_fsm.o
 .debug_macro   0x0000000000014c24      0x141 ./Core/Src/auto_fsm.o
 .debug_macro   0x0000000000014d65      0x8d1 ./Core/Src/auto_fsm.o
 .debug_macro   0x0000000000015636       0x83 ./Core/Src/auto_fsm.o
 .debug_macro   0x00000000000156b9       0x88 ./Core/Src/auto_fsm.o
 .debug_macro   0x0000000000015741       0x16 ./Core/Src/auto_fsm.o
 .debug_macro   0x0000000000015757       0x58 ./Core/Src/auto_fsm.o
 .debug_macro   0x00000000000157af      0x1b7 ./Core/Src/button.o
 .debug_macro   0x0000000000015966       0x10 ./Core/Src/button.o
 .debug_macro   0x0000000000015976      0x1e4 ./Core/Src/global.o
 .debug_macro   0x0000000000015b5a      0x214 ./Core/Src/main.o
 .debug_macro   0x0000000000015d6e      0x1ee ./Core/Src/man_fsm.o
 .debug_macro   0x0000000000015f5c      0x1b2 ./Core/Src/pdtlight.o
 .debug_macro   0x000000000001610e      0x1ee ./Core/Src/ped_fsm.o
 .debug_macro   0x00000000000162fc      0x1b8 ./Core/Src/software_timer.o
 .debug_macro   0x00000000000164b4      0x1a8 ./Core/Src/stm32f1xx_hal_msp.o
 .debug_macro   0x000000000001665c      0x1b2 ./Core/Src/stm32f1xx_it.o
 .debug_macro   0x000000000001680e      0x199 ./Core/Src/system_stm32f1xx.o
 .debug_macro   0x00000000000169a7      0x1b2 ./Core/Src/traffic1.o
 .debug_macro   0x0000000000016b59      0x1b2 ./Core/Src/traffic2.o
 .debug_macro   0x0000000000016d0b      0x1ee ./Core/Src/tun_fsm.o
 .debug_macro   0x0000000000016ef9      0x1bd ./Drivers/STM32F1xx_HAL_Driver/Src/stm32f1xx_hal.o
 .debug_macro   0x00000000000170b6      0x199 ./Drivers/STM32F1xx_HAL_Driver/Src/stm32f1xx_hal_cortex.o
 .debug_macro   0x000000000001724f      0x204 ./Drivers/STM32F1xx_HAL_Driver/Src/stm32f1xx_hal_gpio.o
 .debug_macro   0x0000000000017453      0x1ab ./Drivers/STM32F1xx_HAL_Driver/Src/stm32f1xx_hal_rcc.o
 .debug_macro   0x00000000000175fe      0x19a ./Drivers/STM32F1xx_HAL_Driver/Src/stm32f1xx_hal_tim.o
 .debug_macro   0x0000000000017798      0x199 ./Drivers/STM32F1xx_HAL_Driver/Src/stm32f1xx_hal_tim_ex.o

.debug_line     0x0000000000000000     0xdbd9
 .debug_line    0x0000000000000000      0x766 ./Core/Src/auto_fsm.o
 .debug_line    0x0000000000000766      0x8a3 ./Core/Src/button.o
 .debug_line    0x0000000000001009      0x68a ./Core/Src/global.o
 .debug_line    0x0000000000001693      0x896 ./Core/Src/main.o
 .debug_line    0x0000000000001f29      0x764 ./Core/Src/man_fsm.o
 .debug_line    0x000000000000268d      0x69a ./Core/Src/pdtlight.o
 .debug_line    0x0000000000002d27      0x6cd ./Core/Src/ped_fsm.o
 .debug_line    0x00000000000033f4      0x77b ./Core/Src/software_timer.o
 .debug_line    0x0000000000003b6f      0x6f1 ./Core/Src/stm32f1xx_hal_msp.o
 .debug_line    0x0000000000004260      0x757 ./Core/Src/stm32f1xx_it.o
 .debug_line    0x00000000000049b7      0x6e3 ./Core/Src/system_stm32f1xx.o
 .debug_line    0x000000000000509a      0x6af ./Core/Src/traffic1.o
 .debug_line    0x0000000000005749      0x6af ./Core/Src/traffic2.o
 .debug_line    0x0000000000005df8      0x79c ./Core/Src/tun_fsm.o
 .debug_line    0x0000000000006594       0x87 ./Core/Startup/startup_stm32f103rbtx.o
 .debug_line    0x000000000000661b      0x910 ./Drivers/STM32F1xx_HAL_Driver/Src/stm32f1xx_hal.o
 .debug_line    0x0000000000006f2b      0xaf8 ./Drivers/STM32F1xx_HAL_Driver/Src/stm32f1xx_hal_cortex.o
 .debug_line    0x0000000000007a23      0x9a7 ./Drivers/STM32F1xx_HAL_Driver/Src/stm32f1xx_hal_gpio.o
 .debug_line    0x00000000000083ca      0xd1e ./Drivers/STM32F1xx_HAL_Driver/Src/stm32f1xx_hal_rcc.o
 .debug_line    0x00000000000090e8     0x32b9 ./Drivers/STM32F1xx_HAL_Driver/Src/stm32f1xx_hal_tim.o
 .debug_line    0x000000000000c3a1     0x1838 ./Drivers/STM32F1xx_HAL_Driver/Src/stm32f1xx_hal_tim_ex.o

.debug_str      0x0000000000000000    0x84670
 .debug_str     0x0000000000000000    0x818ab ./Core/Src/auto_fsm.o
                                      0x81be0 (size before relaxing)
 .debug_str     0x00000000000818ab      0x1c1 ./Core/Src/button.o
                                      0x81bfb (size before relaxing)
 .debug_str     0x0000000000081a6c       0x1b ./Core/Src/global.o
                                      0x81ba2 (size before relaxing)
 .debug_str     0x0000000000081a87      0x787 ./Core/Src/main.o
                                      0x82416 (size before relaxing)
 .debug_str     0x000000000008220e       0x22 ./Core/Src/man_fsm.o
                                      0x81bd0 (size before relaxing)
 .debug_str     0x0000000000082230       0x32 ./Core/Src/pdtlight.o
                                      0x81a10 (size before relaxing)
 .debug_str     0x0000000000082262       0x22 ./Core/Src/ped_fsm.o
                                      0x81bbf (size before relaxing)
 .debug_str     0x0000000000082284      0x122 ./Core/Src/software_timer.o
                                      0x81af4 (size before relaxing)
 .debug_str     0x00000000000823a6      0x308 ./Core/Src/stm32f1xx_hal_msp.o
                                      0x8226a (size before relaxing)
 .debug_str     0x00000000000826ae       0xdd ./Core/Src/stm32f1xx_it.o
                                      0x81f38 (size before relaxing)
 .debug_str     0x000000000008278b       0x52 ./Core/Src/system_stm32f1xx.o
                                      0x8188d (size before relaxing)
 .debug_str     0x00000000000827dd       0x3b ./Core/Src/traffic1.o
                                      0x81a18 (size before relaxing)
 .debug_str     0x0000000000082818       0x28 ./Core/Src/traffic2.o
                                      0x81a18 (size before relaxing)
 .debug_str     0x0000000000082840       0x22 ./Core/Src/tun_fsm.o
                                      0x81bdc (size before relaxing)
 .debug_str     0x0000000000082862       0x36 ./Core/Startup/startup_stm32f103rbtx.o
                                         0x6d (size before relaxing)
 .debug_str     0x0000000000082898      0x304 ./Drivers/STM32F1xx_HAL_Driver/Src/stm32f1xx_hal.o
                                      0x81f1e (size before relaxing)
 .debug_str     0x0000000000082b9c      0x300 ./Drivers/STM32F1xx_HAL_Driver/Src/stm32f1xx_hal_cortex.o
                                      0x81f26 (size before relaxing)
 .debug_str     0x0000000000082e9c      0x324 ./Drivers/STM32F1xx_HAL_Driver/Src/stm32f1xx_hal_gpio.o
                                      0x81c51 (size before relaxing)
 .debug_str     0x00000000000831c0      0x24f ./Drivers/STM32F1xx_HAL_Driver/Src/stm32f1xx_hal_rcc.o
                                      0x81c8a (size before relaxing)
 .debug_str     0x000000000008340f      0xd73 ./Drivers/STM32F1xx_HAL_Driver/Src/stm32f1xx_hal_tim.o
                                      0x82c5c (size before relaxing)
 .debug_str     0x0000000000084182      0x4ee ./Drivers/STM32F1xx_HAL_Driver/Src/stm32f1xx_hal_tim_ex.o
                                      0x8240d (size before relaxing)

.comment        0x0000000000000000       0x53
 .comment       0x0000000000000000       0x53 ./Core/Src/auto_fsm.o
                                         0x54 (size before relaxing)
 .comment       0x0000000000000053       0x54 ./Core/Src/button.o
 .comment       0x0000000000000053       0x54 ./Core/Src/global.o
 .comment       0x0000000000000053       0x54 ./Core/Src/main.o
 .comment       0x0000000000000053       0x54 ./Core/Src/man_fsm.o
 .comment       0x0000000000000053       0x54 ./Core/Src/pdtlight.o
 .comment       0x0000000000000053       0x54 ./Core/Src/ped_fsm.o
 .comment       0x0000000000000053       0x54 ./Core/Src/software_timer.o
 .comment       0x0000000000000053       0x54 ./Core/Src/stm32f1xx_hal_msp.o
 .comment       0x0000000000000053       0x54 ./Core/Src/stm32f1xx_it.o
 .comment       0x0000000000000053       0x54 ./Core/Src/system_stm32f1xx.o
 .comment       0x0000000000000053       0x54 ./Core/Src/traffic1.o
 .comment       0x0000000000000053       0x54 ./Core/Src/traffic2.o
 .comment       0x0000000000000053       0x54 ./Core/Src/tun_fsm.o
 .comment       0x0000000000000053       0x54 ./Drivers/STM32F1xx_HAL_Driver/Src/stm32f1xx_hal.o
 .comment       0x0000000000000053       0x54 ./Drivers/STM32F1xx_HAL_Driver/Src/stm32f1xx_hal_cortex.o
 .comment       0x0000000000000053       0x54 ./Drivers/STM32F1xx_HAL_Driver/Src/stm32f1xx_hal_gpio.o
 .comment       0x0000000000000053       0x54 ./Drivers/STM32F1xx_HAL_Driver/Src/stm32f1xx_hal_rcc.o
 .comment       0x0000000000000053       0x54 ./Drivers/STM32F1xx_HAL_Driver/Src/stm32f1xx_hal_tim.o
 .comment       0x0000000000000053       0x54 ./Drivers/STM32F1xx_HAL_Driver/Src/stm32f1xx_hal_tim_ex.o

.debug_frame    0x0000000000000000     0x2ae4
 .debug_frame   0x0000000000000000       0x2c ./Core/Src/auto_fsm.o
 .debug_frame   0x000000000000002c      0x180 ./Core/Src/button.o
 .debug_frame   0x00000000000001ac       0xf8 ./Core/Src/main.o
 .debug_frame   0x00000000000002a4       0x2c ./Core/Src/man_fsm.o
 .debug_frame   0x00000000000002d0       0x64 ./Core/Src/pdtlight.o
 .debug_frame   0x0000000000000334       0x2c ./Core/Src/ped_fsm.o
 .debug_frame   0x0000000000000360      0x120 ./Core/Src/software_timer.o
 .debug_frame   0x0000000000000480       0xa4 ./Core/Src/stm32f1xx_hal_msp.o
 .debug_frame   0x0000000000000524      0x13c ./Core/Src/stm32f1xx_it.o
 .debug_frame   0x0000000000000660       0x58 ./Core/Src/system_stm32f1xx.o
 .debug_frame   0x00000000000006b8       0x80 ./Core/Src/traffic1.o
 .debug_frame   0x0000000000000738       0x80 ./Core/Src/traffic2.o
 .debug_frame   0x00000000000007b8       0x2c ./Core/Src/tun_fsm.o
 .debug_frame   0x00000000000007e4      0x334 ./Drivers/STM32F1xx_HAL_Driver/Src/stm32f1xx_hal.o
 .debug_frame   0x0000000000000b18      0x428 ./Drivers/STM32F1xx_HAL_Driver/Src/stm32f1xx_hal_cortex.o
 .debug_frame   0x0000000000000f40      0x14c ./Drivers/STM32F1xx_HAL_Driver/Src/stm32f1xx_hal_gpio.o
 .debug_frame   0x000000000000108c      0x21c ./Drivers/STM32F1xx_HAL_Driver/Src/stm32f1xx_hal_rcc.o
 .debug_frame   0x00000000000012a8     0x11b8 ./Drivers/STM32F1xx_HAL_Driver/Src/stm32f1xx_hal_tim.o
 .debug_frame   0x0000000000002460      0x638 ./Drivers/STM32F1xx_HAL_Driver/Src/stm32f1xx_hal_tim_ex.o
 .debug_frame   0x0000000000002a98       0x2c c:/st/stm32cubeide_1.7.0/stm32cubeide/plugins/com.st.stm32cube.ide.mcu.externaltools.gnu-tools-for-stm32.9-2020-q2-update.win32_2.0.0.202105311346/tools/bin/../lib/gcc/arm-none-eabi/9.3.1/../../../../arm-none-eabi/lib/thumb/v7-m/nofp\libc_nano.a(lib_a-init.o)
 .debug_frame   0x0000000000002ac4       0x20 c:/st/stm32cubeide_1.7.0/stm32cubeide/plugins/com.st.stm32cube.ide.mcu.externaltools.gnu-tools-for-stm32.9-2020-q2-update.win32_2.0.0.202105311346/tools/bin/../lib/gcc/arm-none-eabi/9.3.1/../../../../arm-none-eabi/lib/thumb/v7-m/nofp\libc_nano.a(lib_a-memset.o)
