14:14:04 **** Incremental Build of configuration Debug for project Assignment ****
make -j12 all 
arm-none-eabi-gcc "../Core/Src/buzzer.c" -mcpu=cortex-m3 -std=gnu11 -g3 -DDEBUG -DUSE_HAL_DRIVER -DSTM32F103xB -c -I../Core/Inc -I../Drivers/STM32F1xx_HAL_Driver/Inc -I../Drivers/STM32F1xx_HAL_Driver/Inc/Legacy -I../Drivers/CMSIS/Device/ST/STM32F1xx/Include -I../Drivers/CMSIS/Include -O0 -ffunction-sections -fdata-sections -Wall -fstack-usage -MMD -MP -MF"Core/Src/buzzer.d" -MT"Core/Src/buzzer.o" --specs=nano.specs -mfloat-abi=soft -mthumb -o "Core/Src/buzzer.o"
arm-none-eabi-gcc "../Core/Src/tun_fsm.c" -mcpu=cortex-m3 -std=gnu11 -g3 -DDEBUG -DUSE_HAL_DRIVER -DSTM32F103xB -c -I../Core/Inc -I../Drivers/STM32F1xx_HAL_Driver/Inc -I../Drivers/STM32F1xx_HAL_Driver/Inc/Legacy -I../Drivers/CMSIS/Device/ST/STM32F1xx/Include -I../Drivers/CMSIS/Include -O0 -ffunction-sections -fdata-sections -Wall -fstack-usage -MMD -MP -MF"Core/Src/tun_fsm.d" -MT"Core/Src/tun_fsm.o" --specs=nano.specs -mfloat-abi=soft -mthumb -o "Core/Src/tun_fsm.o"
arm-none-eabi-gcc -o "Assignment.elf" @"objects.list"   -mcpu=cortex-m3 -T"D:\Workspace\VXL\Project-New\MyAssignment\Assignment-MCU\Assignment\STM32F103RBTX_FLASH.ld" --specs=nosys.specs -Wl,-Map="Assignment.map" -Wl,--gc-sections -static --specs=nano.specs -mfloat-abi=soft -mthumb -Wl,--start-group -lc -lm -Wl,--end-group
Finished building target: Assignment.elf
 
arm-none-eabi-size   Assignment.elf 
arm-none-eabi-objdump -h -S  Assignment.elf  > "Assignment.list"
arm-none-eabi-objcopy  -O ihex  Assignment.elf  "Assignment.hex"
arm-none-eabi-objcopy  -O binary  Assignment.elf  "Assignment.bin"
   text	   data	    bss	    dec	    hex	filename
  12116	    100	   1748	  13964	   368c	Assignment.elf
Finished building: default.size.stdout
 
Finished building: Assignment.hex
Finished building: Assignment.bin
 
 
Finished building: Assignment.list
 
14:14:18 **** Incremental Build of configuration Debug for project Assignment ****
make -j12 all 
arm-none-eabi-size   Assignment.elf 
   text	   data	    bss	    dec	    hex	filename
  12116	    100	   1748	  13964	   368c	Assignment.elf
Finished building: default.size.stdout
 
14:19:41 **** Incremental Build of configuration Debug for project Assignment ****
make -j12 all 
arm-none-eabi-gcc "../Core/Src/man_fsm.c" -mcpu=cortex-m3 -std=gnu11 -g3 -DDEBUG -DUSE_HAL_DRIVER -DSTM32F103xB -c -I../Core/Inc -I../Drivers/STM32F1xx_HAL_Driver/Inc -I../Drivers/STM32F1xx_HAL_Driver/Inc/Legacy -I../Drivers/CMSIS/Device/ST/STM32F1xx/Include -I../Drivers/CMSIS/Include -O0 -ffunction-sections -fdata-sections -Wall -fstack-usage -MMD -MP -MF"Core/Src/man_fsm.d" -MT"Core/Src/man_fsm.o" --specs=nano.specs -mfloat-abi=soft -mthumb -o "Core/Src/man_fsm.o"
arm-none-eabi-gcc "../Core/Src/tun_fsm.c" -mcpu=cortex-m3 -std=gnu11 -g3 -DDEBUG -DUSE_HAL_DRIVER -DSTM32F103xB -c -I../Core/Inc -I../Drivers/STM32F1xx_HAL_Driver/Inc -I../Drivers/STM32F1xx_HAL_Driver/Inc/Legacy -I../Drivers/CMSIS/Device/ST/STM32F1xx/Include -I../Drivers/CMSIS/Include -O0 -ffunction-sections -fdata-sections -Wall -fstack-usage -MMD -MP -MF"Core/Src/tun_fsm.d" -MT"Core/Src/tun_fsm.o" --specs=nano.specs -mfloat-abi=soft -mthumb -o "Core/Src/tun_fsm.o"
arm-none-eabi-gcc -o "Assignment.elf" @"objects.list"   -mcpu=cortex-m3 -T"D:\Workspace\VXL\Project-New\MyAssignment\Assignment-MCU\Assignment\STM32F103RBTX_FLASH.ld" --specs=nosys.specs -Wl,-Map="Assignment.map" -Wl,--gc-sections -static --specs=nano.specs -mfloat-abi=soft -mthumb -Wl,--start-group -lc -lm -Wl,--end-group
Finished building target: Assignment.elf
 
arm-none-eabi-size   Assignment.elf 
arm-none-eabi-objdump -h -S  Assignment.elf  > "Assignment.list"
arm-none-eabi-objcopy  -O ihex  Assignment.elf  "Assignment.hex"
arm-none-eabi-objcopy  -O binary  Assignment.elf  "Assignment.bin"
   text	   data	    bss	    dec	    hex	filename
  12212	    100	   1748	  14060	   36ec	Assignment.elf
Finished building: default.size.stdout
 
Finished building: Assignment.hex
Finished building: Assignment.bin
 
 
Finished building: Assignment.list
 
